[INFO] Queue root: /ds1home/aislab/Min/FedCD/FedCD-Baseline/batch_runs/splitgp_rho_baselines_vgg8_3runs/date_20260616/time_055019/worker_1
[INFO] Plan CSV: /ds1home/aislab/Min/FedCD/FedCD-Baseline/batch_runs/splitgp_rho_baselines_vgg8_3runs/date_20260616/time_055019/worker_1/plan.csv
[INFO] Status CSV: /ds1home/aislab/Min/FedCD/FedCD-Baseline/batch_runs/splitgp_rho_baselines_vgg8_3runs/date_20260616/time_055019/worker_1/status.csv
[INFO] Queue TSV: /ds1home/aislab/Min/FedCD/FedCD-Baseline/batch_runs/splitgp_rho_baselines_vgg8_3runs/date_20260616/time_055019/worker_1/queue.tsv
[INFO] Run logs: /ds1home/aislab/Min/FedCD/FedCD-Baseline/batch_runs/splitgp_rho_baselines_vgg8_3runs/date_20260616/time_055019/worker_1/run_logs
[INFO] Python: /ds1home/aislab/miniconda3/envs/pfllib/bin/python
[INFO] FL_DATA_ROOT: /ds1home/aislab/Min/data/fl_data
[INFO] Device: cuda:0
[INFO] CUDA_VISIBLE_DEVICES: 0
[INFO] Worker: 1/2
[INFO] Target completed acc.csv files per setting: 3
[INFO] Max parallel processes: 2
[INFO] Queued runs: 31
[INFO] Existing completed runs are never overwritten; new runs use unique goals, result names, and log directories.

==========================================================
[START 2/31 g104][worker 1/2] dataset=Cifar10_splitgp_pat_rho0.8_nc50 algo=pFedMe rho=0.8 seed=2 run=2/3
[CONFIG] model=VGG8 rounds=100 lr=0.005 lbs=128 ls=2 jr=1.0 nc=50
[LOG] /ds1home/aislab/Min/FedCD/FedCD-Baseline/batch_runs/splitgp_rho_baselines_vgg8_3runs/date_20260616/time_055019/worker_1/run_logs/g104_q2_Cifar10_pFedMe_rho0p8_nc50_seed2_run2.log
==========================================================
==========================================================
[START 1/31 g102][worker 1/2] dataset=Cifar10_splitgp_pat_rho0.6_nc50 algo=pFedMe rho=0.6 seed=3 run=3/3
[CONFIG] model=VGG8 rounds=100 lr=0.005 lbs=128 ls=2 jr=1.0 nc=50
[LOG] /ds1home/aislab/Min/FedCD/FedCD-Baseline/batch_runs/splitgp_rho_baselines_vgg8_3runs/date_20260616/time_055019/worker_1/run_logs/g102_q1_Cifar10_pFedMe_rho0p6_nc50_seed3_run3.log
==========================================================
[DONE 2/31 g104][worker 1/2] dataset=Cifar10_splitgp_pat_rho0.8_nc50 algo=pFedMe rho=0.8 seed=2
==========================================================
[START 3/31 g108][worker 1/2] dataset=Cifar10_splitgp_pat_rho0.0_nc50 algo=FedProx rho=0.0 seed=3 run=3/3
[CONFIG] model=VGG8 rounds=100 lr=0.005 lbs=128 ls=2 jr=1.0 nc=50
[LOG] /ds1home/aislab/Min/FedCD/FedCD-Baseline/batch_runs/splitgp_rho_baselines_vgg8_3runs/date_20260616/time_055019/worker_1/run_logs/g108_q3_Cifar10_FedProx_rho0p0_nc50_seed3_run3.log
==========================================================
[DONE 1/31 g102][worker 1/2] dataset=Cifar10_splitgp_pat_rho0.6_nc50 algo=pFedMe rho=0.6 seed=3
==========================================================
[START 4/31 g114][worker 1/2] dataset=Cifar10_splitgp_pat_rho0.4_nc50 algo=FedProx rho=0.4 seed=3 run=3/3
[CONFIG] model=VGG8 rounds=100 lr=0.005 lbs=128 ls=2 jr=1.0 nc=50
[LOG] /ds1home/aislab/Min/FedCD/FedCD-Baseline/batch_runs/splitgp_rho_baselines_vgg8_3runs/date_20260616/time_055019/worker_1/run_logs/g114_q4_Cifar10_FedProx_rho0p4_nc50_seed3_run3.log
==========================================================
[DONE 3/31 g108][worker 1/2] dataset=Cifar10_splitgp_pat_rho0.0_nc50 algo=FedProx rho=0.0 seed=3
==========================================================
[START 5/31 g116][worker 1/2] dataset=Cifar10_splitgp_pat_rho0.6_nc50 algo=FedProx rho=0.6 seed=2 run=2/3
[CONFIG] model=VGG8 rounds=100 lr=0.005 lbs=128 ls=2 jr=1.0 nc=50
[LOG] /ds1home/aislab/Min/FedCD/FedCD-Baseline/batch_runs/splitgp_rho_baselines_vgg8_3runs/date_20260616/time_055019/worker_1/run_logs/g116_q5_Cifar10_FedProx_rho0p6_nc50_seed2_run2.log
==========================================================
[DONE 4/31 g114][worker 1/2] dataset=Cifar10_splitgp_pat_rho0.4_nc50 algo=FedProx rho=0.4 seed=3
==========================================================
[START 6/31 g120][worker 1/2] dataset=Cifar10_splitgp_pat_rho0.8_nc50 algo=FedProx rho=0.8 seed=3 run=3/3
[CONFIG] model=VGG8 rounds=100 lr=0.005 lbs=128 ls=2 jr=1.0 nc=50
[LOG] /ds1home/aislab/Min/FedCD/FedCD-Baseline/batch_runs/splitgp_rho_baselines_vgg8_3runs/date_20260616/time_055019/worker_1/run_logs/g120_q6_Cifar10_FedProx_rho0p8_nc50_seed3_run3.log
==========================================================
[DONE 5/31 g116][worker 1/2] dataset=Cifar10_splitgp_pat_rho0.6_nc50 algo=FedProx rho=0.6 seed=2
==========================================================
[START 7/31 g126][worker 1/2] dataset=FashionMNIST_splitgp_pat_rho0.2_nc50 algo=cwFedAvg rho=0.2 seed=3 run=3/3
[CONFIG] model=VGG8 rounds=100 lr=0.005 lbs=128 ls=2 jr=1.0 nc=50
[LOG] /ds1home/aislab/Min/FedCD/FedCD-Baseline/batch_runs/splitgp_rho_baselines_vgg8_3runs/date_20260616/time_055019/worker_1/run_logs/g126_q7_FashionMNIST_cwFedAvg_rho0p2_nc50_seed3_run3.log
==========================================================
[DONE 6/31 g120][worker 1/2] dataset=Cifar10_splitgp_pat_rho0.8_nc50 algo=FedProx rho=0.8 seed=3
==========================================================
[START 8/31 g132][worker 1/2] dataset=FashionMNIST_splitgp_pat_rho0.6_nc50 algo=cwFedAvg rho=0.6 seed=3 run=3/3
[CONFIG] model=VGG8 rounds=100 lr=0.005 lbs=128 ls=2 jr=1.0 nc=50
[LOG] /ds1home/aislab/Min/FedCD/FedCD-Baseline/batch_runs/splitgp_rho_baselines_vgg8_3runs/date_20260616/time_055019/worker_1/run_logs/g132_q8_FashionMNIST_cwFedAvg_rho0p6_nc50_seed3_run3.log
==========================================================
[DONE 7/31 g126][worker 1/2] dataset=FashionMNIST_splitgp_pat_rho0.2_nc50 algo=cwFedAvg rho=0.2 seed=3
==========================================================
[START 9/31 g138][worker 1/2] dataset=FashionMNIST_splitgp_pat_rho0.0_nc50 algo=FedALA rho=0.0 seed=3 run=3/3
[CONFIG] model=VGG8 rounds=100 lr=0.005 lbs=128 ls=2 jr=1.0 nc=50
[LOG] /ds1home/aislab/Min/FedCD/FedCD-Baseline/batch_runs/splitgp_rho_baselines_vgg8_3runs/date_20260616/time_055019/worker_1/run_logs/g138_q9_FashionMNIST_FedALA_rho0p0_nc50_seed3_run3.log
==========================================================
[DONE 8/31 g132][worker 1/2] dataset=FashionMNIST_splitgp_pat_rho0.6_nc50 algo=cwFedAvg rho=0.6 seed=3
==========================================================
[START 10/31 g144][worker 1/2] dataset=FashionMNIST_splitgp_pat_rho0.4_nc50 algo=FedALA rho=0.4 seed=3 run=3/3
[CONFIG] model=VGG8 rounds=100 lr=0.005 lbs=128 ls=2 jr=1.0 nc=50
[LOG] /ds1home/aislab/Min/FedCD/FedCD-Baseline/batch_runs/splitgp_rho_baselines_vgg8_3runs/date_20260616/time_055019/worker_1/run_logs/g144_q10_FashionMNIST_FedALA_rho0p4_nc50_seed3_run3.log
==========================================================
[DONE 9/31 g138][worker 1/2] dataset=FashionMNIST_splitgp_pat_rho0.0_nc50 algo=FedALA rho=0.0 seed=3
==========================================================
[START 11/31 g150][worker 1/2] dataset=FashionMNIST_splitgp_pat_rho0.8_nc50 algo=FedALA rho=0.8 seed=3 run=3/3
[CONFIG] model=VGG8 rounds=100 lr=0.005 lbs=128 ls=2 jr=1.0 nc=50
[LOG] /ds1home/aislab/Min/FedCD/FedCD-Baseline/batch_runs/splitgp_rho_baselines_vgg8_3runs/date_20260616/time_055019/worker_1/run_logs/g150_q11_FashionMNIST_FedALA_rho0p8_nc50_seed3_run3.log
==========================================================
[DONE 10/31 g144][worker 1/2] dataset=FashionMNIST_splitgp_pat_rho0.4_nc50 algo=FedALA rho=0.4 seed=3
==========================================================
[START 12/31 g156][worker 1/2] dataset=FashionMNIST_splitgp_pat_rho0.2_nc50 algo=FedAS rho=0.2 seed=3 run=3/3
[CONFIG] model=VGG8 rounds=100 lr=0.005 lbs=128 ls=2 jr=1.0 nc=50
[LOG] /ds1home/aislab/Min/FedCD/FedCD-Baseline/batch_runs/splitgp_rho_baselines_vgg8_3runs/date_20260616/time_055019/worker_1/run_logs/g156_q12_FashionMNIST_FedAS_rho0p2_nc50_seed3_run3.log
==========================================================
[DONE 11/31 g150][worker 1/2] dataset=FashionMNIST_splitgp_pat_rho0.8_nc50 algo=FedALA rho=0.8 seed=3
==========================================================
[START 13/31 g162][worker 1/2] dataset=FashionMNIST_splitgp_pat_rho0.6_nc50 algo=FedAS rho=0.6 seed=3 run=3/3
[CONFIG] model=VGG8 rounds=100 lr=0.005 lbs=128 ls=2 jr=1.0 nc=50
[LOG] /ds1home/aislab/Min/FedCD/FedCD-Baseline/batch_runs/splitgp_rho_baselines_vgg8_3runs/date_20260616/time_055019/worker_1/run_logs/g162_q13_FashionMNIST_FedAS_rho0p6_nc50_seed3_run3.log
==========================================================
[DONE 12/31 g156][worker 1/2] dataset=FashionMNIST_splitgp_pat_rho0.2_nc50 algo=FedAS rho=0.2 seed=3
==========================================================
[START 14/31 g168][worker 1/2] dataset=FashionMNIST_splitgp_pat_rho0.0_nc50 algo=FedAvg rho=0.0 seed=3 run=3/3
[CONFIG] model=VGG8 rounds=100 lr=0.005 lbs=128 ls=2 jr=1.0 nc=50
[LOG] /ds1home/aislab/Min/FedCD/FedCD-Baseline/batch_runs/splitgp_rho_baselines_vgg8_3runs/date_20260616/time_055019/worker_1/run_logs/g168_q14_FashionMNIST_FedAvg_rho0p0_nc50_seed3_run3.log
==========================================================
