[INFO] Queue root: /ds1home/aislab/Min/FedCD/FedCD-Baseline/batch_runs/splitgp_rho_baselines_vgg8_3runs/date_20260617/time_020807/worker_0
[INFO] Plan CSV: /ds1home/aislab/Min/FedCD/FedCD-Baseline/batch_runs/splitgp_rho_baselines_vgg8_3runs/date_20260617/time_020807/worker_0/plan.csv
[INFO] Status CSV: /ds1home/aislab/Min/FedCD/FedCD-Baseline/batch_runs/splitgp_rho_baselines_vgg8_3runs/date_20260617/time_020807/worker_0/status.csv
[INFO] Queue TSV: /ds1home/aislab/Min/FedCD/FedCD-Baseline/batch_runs/splitgp_rho_baselines_vgg8_3runs/date_20260617/time_020807/worker_0/queue.tsv
[INFO] Run logs: /ds1home/aislab/Min/FedCD/FedCD-Baseline/batch_runs/splitgp_rho_baselines_vgg8_3runs/date_20260617/time_020807/worker_0/run_logs
[INFO] Python: /ds1home/aislab/miniconda3/envs/pfllib/bin/python
[INFO] FL_DATA_ROOT: /ds1home/aislab/Min/data/fl_data
[INFO] Device: cuda:0
[INFO] CUDA_VISIBLE_DEVICES: 0
[INFO] Worker: 0/2
[INFO] Target completed acc.csv files per setting: 3
[INFO] Max parallel processes: 2
[INFO] Queued runs: 9
[INFO] Existing completed runs are never overwritten; new runs use unique goals, result names, and log directories.

==========================================================
[START 1/9 g213][worker 0/2] dataset=FashionMNIST_splitgp_pat_rho0.0_nc50 algo=pFedMe rho=0.0 seed=3 run=3/3
[CONFIG] model=VGG8 rounds=100 lr=0.005 lbs=128 ls=2 jr=1.0 nc=50
[LOG] /ds1home/aislab/Min/FedCD/FedCD-Baseline/batch_runs/splitgp_rho_baselines_vgg8_3runs/date_20260617/time_020807/worker_0/run_logs/g213_q1_FashionMNIST_pFedMe_rho0p0_nc50_seed3_run3.log
==========================================================
==========================================================
[START 2/9 g219][worker 0/2] dataset=FashionMNIST_splitgp_pat_rho0.4_nc50 algo=pFedMe rho=0.4 seed=3 run=3/3
[CONFIG] model=VGG8 rounds=100 lr=0.005 lbs=128 ls=2 jr=1.0 nc=50
[LOG] /ds1home/aislab/Min/FedCD/FedCD-Baseline/batch_runs/splitgp_rho_baselines_vgg8_3runs/date_20260617/time_020807/worker_0/run_logs/g219_q2_FashionMNIST_pFedMe_rho0p4_nc50_seed3_run3.log
==========================================================
