
[Info] Experiment logs will be saved to: /home1/irteam/workspace/FedCD/FedCD-Baseline/logs/cifar10/FedDST/GM_VGG8/splitgp_rho0.4/NC_50/date_20260617/time_234555

==================================================
goal = FedDST_splitgp_rho0.4_nc50_feddst_splitgp_rho_20260617_144551_seed1
device = cuda
device_id = 0
dataset = Cifar10_splitgp_pat_rho0.4_nc50
num_classes = 10
model = VGG8
batch_size = 128
local_learning_rate = 0.005
learning_rate_decay = False
learning_rate_decay_gamma = 0.99
global_rounds = 100
top_cnt = 100
local_epochs = 2
algorithm = FedDST
join_ratio = 1.0
random_join_ratio = False
num_clients = 50
prev = 0
times = 1
seed = 1
eval_gap = 1
eval_common_global = False
global_test_samples = 0
common_eval_batch_size = 256
save_folder_name = items
auto_break = False
dlg_eval = False
dlg_gap = 100
batch_num_per_client = 2
num_new_clients = 0
fine_tuning_epoch_new = 0
feature_dim = 512
vocab_size = 80
max_len = 200
few_shot = 0
client_drop_rate = 0.0
train_slow_rate = 0.0
send_slow_rate = 0.0
time_select = False
time_threthold = 10000
beta = 0.0
lamda = 1.0
mu = 0.0
K = 5
p_learning_rate = 0.01
M = 5
itk = 4000
alphaK = 1.0
sigma = 1.0
alpha = 1.0
plocal_epochs = 1
tau = 1.0
fine_tuning_epochs = 10
dr_learning_rate = 0.0
L = 1.0
noise_dim = 512
generator_learning_rate = 0.005
hidden_dim = 512
server_epochs = 1000
localize_feature_extractor = False
server_learning_rate = 1.0
eta = 1.0
rand_percent = 80
layer_idx = 2
mentee_learning_rate = 0.005
T_start = 0.95
T_end = 0.98
momentum = 0.1
kl_weight = 0.0
first_stage_bound = 0
fedcross_alpha = 0.99
collaberative_model_select_strategy = 1
feddst_sparsity = 0.8
feddst_final_sparsity = 0.8
feddst_readjustment_ratio = 0.5
feddst_rounds_between_readjustments = 10
feddst_rate_decay_method = cosine
feddst_rate_decay_end = 50
feddst_sparsity_distribution = erk
feddst_min_votes = 0
feddst_fp16 = False
feddst_remember_old = False
add_cw = False
add_wdr = False
decision_layer_only = False
partial_layer_train = False
split_train = False
head_lr = 0.005
head_bs = 10
cw_layer_num = 1
add_proto = False
use_true_dist = False
batch_eval = False
clip_weight = False
batch_eval_id = 0
weight_decay = 10.0
exp_dir = /home1/irteam/workspace/FedCD/FedCD-Baseline/logs/cifar10/FedDST/GM_VGG8/splitgp_rho0.4/NC_50/date_20260617/time_234555
log_path = /home1/irteam/workspace/FedCD/FedCD-Baseline/logs/cifar10/FedDST/GM_VGG8/splitgp_rho0.4/NC_50/date_20260617/time_234555/acc.csv
==================================================

============= Running time: 0th =============
Using seed: 1
Creating server and clients ...
VGG8(
  (features): Sequential(
    (0): Conv2d(3, 64, kernel_size=(3, 3), stride=(1, 1), padding=(1, 1))
    (1): BatchNorm2d(64, eps=1e-05, momentum=0.1, affine=True, track_running_stats=True)
    (2): ReLU(inplace=True)
    (3): MaxPool2d(kernel_size=2, stride=2, padding=0, dilation=1, ceil_mode=False)
    (4): Conv2d(64, 128, kernel_size=(3, 3), stride=(1, 1), padding=(1, 1))
    (5): BatchNorm2d(128, eps=1e-05, momentum=0.1, affine=True, track_running_stats=True)
    (6): ReLU(inplace=True)
    (7): MaxPool2d(kernel_size=2, stride=2, padding=0, dilation=1, ceil_mode=False)
    (8): Conv2d(128, 256, kernel_size=(3, 3), stride=(1, 1), padding=(1, 1))
    (9): BatchNorm2d(256, eps=1e-05, momentum=0.1, affine=True, track_running_stats=True)
    (10): ReLU(inplace=True)
    (11): Conv2d(256, 256, kernel_size=(3, 3), stride=(1, 1), padding=(1, 1))
    (12): BatchNorm2d(256, eps=1e-05, momentum=0.1, affine=True, track_running_stats=True)
    (13): ReLU(inplace=True)
    (14): MaxPool2d(kernel_size=2, stride=2, padding=0, dilation=1, ceil_mode=False)
  )
  (avgpool): AdaptiveAvgPool2d(output_size=(1, 1))
  (classifier): Sequential(
    (0): Linear(in_features=256, out_features=256, bias=True)
    (1): ReLU(inplace=True)
    (2): Linear(in_features=256, out_features=10, bias=True)
  )
)
